[    0.000000] Linux version 4.15.0-200-generic (buildd@lcy02-amd64-069) (gcc version 7.5.0 (Ubuntu 7.5.0-3ubuntu1~18.04)) #211-Ubuntu SMP Thu Nov 24 18:16:04 UTC 2022 (Ubuntu 4.15.0-200.211-generic 4.15.18)
[    0.000000] Command line: BOOT_IMAGE=/boot/vmlinuz-4.15.0-200-generic root=UUID=6a979f1b-200e-4efd-ae99-7c7464328813 ro console=tty1 console=ttyS0
[    0.000000] KERNEL supported cpus:
[    0.000000]   Intel GenuineIntel
[    0.000000]   AMD AuthenticAMD
[    0.000000]   Centaur CentaurHauls
[    0.000000] [Firmware Bug]: TSC doesn't count with P0 frequency!
[    0.000000] x86/fpu: Supporting XSAVE feature 0x001: 'x87 floating point registers'
[    0.000000] x86/fpu: Supporting XSAVE feature 0x002: 'SSE registers'
[    0.000000] x86/fpu: Supporting XSAVE feature 0x004: 'AVX registers'
[    0.000000] x86/fpu: xstate_offset[2]:  576, xstate_sizes[2]:  256
[    0.000000] x86/fpu: Enabled xstate features 0x7, context size is 832 bytes, using 'standard' format.
[    0.000000] e820: BIOS-provided physical RAM map:
[    0.000000] BIOS-e820: [mem 0x0000000000000000-0x000000000009fbff] usable
[    0.000000] BIOS-e820: [mem 0x000000000009fc00-0x000000000009ffff] reserved
[    0.000000] BIOS-e820: [mem 0x00000000000f0000-0x00000000000fffff] reserved
[    0.000000] BIOS-e820: [mem 0x0000000000100000-0x000000003ffeffff] usable
[    0.000000] BIOS-e820: [mem 0x000000003fff0000-0x000000003fffffff] ACPI data
[    0.000000] BIOS-e820: [mem 0x00000000fec00000-0x00000000fec00fff] reserved
[    0.000000] BIOS-e820: [mem 0x00000000fee00000-0x00000000fee00fff] reserved
[    0.000000] BIOS-e820: [mem 0x00000000fffc0000-0x00000000ffffffff] reserved
[    0.000000] NX (Execute Disable) protection: active
[    0.000000] SMBIOS 2.5 present.
[    0.000000] DMI: innotek GmbH VirtualBox/VirtualBox, BIOS VirtualBox 12/01/2006
[    0.000000] Hypervisor detected: KVM
[    0.000000] e820: last_pfn = 0x3fff0 max_arch_pfn = 0x400000000
[    0.000000] MTRR: Disabled
[    0.000000] x86/PAT: MTRRs disabled, skipping PAT initialization too.
[    0.000000] CPU MTRRs all blank - virtualized system.
[    0.000000] x86/PAT: Configuration [0-7]: WB  WT  UC- UC  WB  WT  UC- UC  
[    0.000000] found SMP MP-table at [mem 0x0009fff0-0x0009ffff]
[    0.000000] Scanning 1 areas for low memory corruption
[    0.000000] RAMDISK: [mem 0x3581b000-0x36c04fff]
[    0.000000] ACPI: Early table checksum verification disabled
[    0.000000] ACPI: RSDP 0x00000000000E0000 000024 (v02 VBOX  )
[    0.000000] ACPI: XSDT 0x000000003FFF0030 00003C (v01 VBOX   VBOXXSDT 00000001 ASL  00000061)
[    0.000000] ACPI: FACP 0x000000003FFF00F0 0000F4 (v04 VBOX   VBOXFACP 00000001 ASL  00000061)
[    0.000000] ACPI: DSDT 0x000000003FFF0610 002353 (v02 VBOX   VBOXBIOS 00000002 INTL 20100528)
[    0.000000] ACPI: FACS 0x000000003FFF0200 000040
[    0.000000] ACPI: FACS 0x000000003FFF0200 000040
[    0.000000] ACPI: APIC 0x000000003FFF0240 00005C (v02 VBOX   VBOXAPIC 00000001 ASL  00000061)
[    0.000000] ACPI: SSDT 0x000000003FFF02A0 00036C (v01 VBOX   VBOXCPUT 00000002 INTL 20100528)
[    0.000000] ACPI: Reserving FACP table memory at [mem 0x3fff00f0-0x3fff01e3]
[    0.000000] ACPI: Reserving DSDT table memory at [mem 0x3fff0610-0x3fff2962]
[    0.000000] ACPI: Reserving FACS table memory at [mem 0x3fff0200-0x3fff023f]
[    0.000000] ACPI: Reserving FACS table memory at [mem 0x3fff0200-0x3fff023f]
[    0.000000] ACPI: Reserving APIC table memory at [mem 0x3fff0240-0x3fff029b]
[    0.000000] ACPI: Reserving SSDT table memory at [mem 0x3fff02a0-0x3fff060b]
[    0.000000] No NUMA configuration found
[    0.000000] Faking a node at [mem 0x0000000000000000-0x000000003ffeffff]
[    0.000000] NODE_DATA(0) allocated [mem 0x3ffc5000-0x3ffeffff]
[    0.000000] kvm-clock: cpu 0, msr 0:3ff44001, primary cpu clock
[    0.000000] kvm-clock: Using msrs 4b564d01 and 4b564d00
[    0.000000] kvm-clock: using sched offset of 3263776908 cycles
[    0.000000] clocksource: kvm-clock: mask: 0xffffffffffffffff max_cycles: 0x1cd42e4dffb, max_idle_ns: 881590591483 ns
[    0.000000] Zone ranges:
[    0.000000]   DMA      [mem 0x0000000000001000-0x0000000000ffffff]
[    0.000000]   DMA32    [mem 0x0000000001000000-0x000000003ffeffff]
[    0.000000]   Normal   empty
[    0.000000]   Device   empty
[    0.000000] Movable zone start for each node
[    0.000000] Early memory node ranges
[    0.000000]   node   0: [mem 0x0000000000001000-0x000000000009efff]
[    0.000000]   node   0: [mem 0x0000000000100000-0x000000003ffeffff]
[    0.000000] Reserved but unavailable: 104 pages
[    0.000000] Initmem setup node 0 [mem 0x0000000000001000-0x000000003ffeffff]
[    0.000000] ACPI: PM-Timer IO Port: 0x4008
[    0.000000] IOAPIC[0]: apic_id 2, version 32, address 0xfec00000, GSI 0-23
[    0.000000] ACPI: INT_SRC_OVR (bus 0 bus_irq 0 global_irq 2 dfl dfl)
[    0.000000] ACPI: INT_SRC_OVR (bus 0 bus_irq 9 global_irq 9 low level)
[    0.000000] Using ACPI (MADT) for SMP configuration information
[    0.000000] smpboot: Allowing 2 CPUs, 0 hotplug CPUs
[    0.000000] PM: Registered nosave memory: [mem 0x00000000-0x00000fff]
[    0.000000] PM: Registered nosave memory: [mem 0x0009f000-0x0009ffff]
[    0.000000] PM: Registered nosave memory: [mem 0x000a0000-0x000effff]
[    0.000000] PM: Registered nosave memory: [mem 0x000f0000-0x000fffff]
[    0.000000] e820: [mem 0x40000000-0xfebfffff] available for PCI devices
[    0.000000] Booting paravirtualized kernel on KVM
[    0.000000] clocksource: refined-jiffies: mask: 0xffffffff max_cycles: 0xffffffff, max_idle_ns: 7645519600211568 ns
[    0.000000] setup_percpu: NR_CPUS:8192 nr_cpumask_bits:2 nr_cpu_ids:2 nr_node_ids:1
[    0.000000] percpu: Embedded 50 pages/cpu s167936 r8192 d28672 u1048576
[    0.000000] PV qspinlock hash table entries: 256 (order: 0, 4096 bytes)
[    0.000000] Built 1 zonelists, mobility grouping on.  Total pages: 257913
[    0.000000] Policy zone: DMA32
[    0.000000] Kernel command line: BOOT_IMAGE=/boot/vmlinuz-4.15.0-200-generic root=UUID=6a979f1b-200e-4efd-ae99-7c7464328813 ro console=tty1 console=ttyS0
[    0.000000] Memory: 981788K/1048120K available (12300K kernel code, 2477K rwdata, 4320K rodata, 2472K init, 2720K bss, 66332K reserved, 0K cma-reserved)
[    0.000000] SLUB: HWalign=64, Order=0-3, MinObjects=0, CPUs=2, Nodes=1
[    0.000000] ftrace: allocating 39478 entries in 155 pages
[    0.004000] Hierarchical RCU implementation.
[    0.004000] 	RCU restricting CPUs from NR_CPUS=8192 to nr_cpu_ids=2.
[    0.004000] 	Tasks RCU enabled.
[    0.004000] RCU: Adjusting geometry for rcu_fanout_leaf=16, nr_cpu_ids=2
[    0.004000] NR_IRQS: 524544, nr_irqs: 440, preallocated irqs: 16
[    0.004000] random: crng init done
[    0.004000] Console: colour VGA+ 80x25
[    0.004000] console [tty1] enabled
[    0.004000] console [ttyS0] enabled
[    0.004000] ACPI: Core revision 20170831
[    0.004000] ACPI: 2 ACPI AML tables successfully acquired and loaded
[    0.004000] APIC: Switch to symmetric I/O mode setup
[    0.004000] x2apic enabled
[    0.004000] Switched APIC routing to physical x2apic.
[    0.004000] ..TIMER: vector=0x30 apic1=0 pin1=2 apic2=-1 pin2=-1
[    0.004000] tsc: Detected 2595.126 MHz processor
[    0.004000] Calibrating delay loop (skipped) preset value.. 5190.25 BogoMIPS (lpj=10380504)
[    0.004000] pid_max: default: 32768 minimum: 301
[    0.004000] Security Framework initialized
[    0.004000] Yama: becoming mindful.
[    0.004000] AppArmor: AppArmor initialized
[    0.004000] Dentry cache hash table entries: 131072 (order: 8, 1048576 bytes)
[    0.004000] Inode-cache hash table entries: 65536 (order: 7, 524288 bytes)
[    0.004000] Mount-cache hash table entries: 2048 (order: 2, 16384 bytes)
[    0.004000] Mountpoint-cache hash table entries: 2048 (order: 2, 16384 bytes)
[    0.004000] Last level iTLB entries: 4KB 1024, 2MB 1024, 4MB 512
[    0.004000] Last level dTLB entries: 4KB 1536, 2MB 1536, 4MB 768, 1GB 0
[    0.004000] Spectre V1 : Mitigation: usercopy/swapgs barriers and __user pointer sanitization
[    0.004000] Spectre V2 : Mitigation: Retpolines
[    0.004000] Spectre V2 : Spectre v2 / SpectreRSB mitigation: Filling RSB on context switch
[    0.004000] Freeing SMP alternatives memory: 36K
[    0.129310] APIC calibration not consistent with PM-Timer: 113ms instead of 100ms
[    0.130838] APIC delta adjusted to PM-Timer: 6363929 (7211792)
[    0.131804] smpboot: CPU0: AMD Ryzen 3 3250U with Radeon Graphics (family: 0x17, model: 0x18, stepping: 0x1)
[    0.132000] Performance Events: PMU not available due to virtualization, using software events only.
[    0.132081] Hierarchical SRCU implementation.
[    0.133897] NMI watchdog: Perf event create on CPU 0 failed with -2
[    0.135212] NMI watchdog: Perf NMI watchdog permanently disabled
[    0.136135] smp: Bringing up secondary CPUs ...
[    0.137221] x86: Booting SMP configuration:
[    0.138109] .... node  #0, CPUs:      #1
[    0.004000] kvm-clock: cpu 1, msr 0:3ff44041, secondary cpu clock
[    0.143176] smp: Brought up 1 node, 2 CPUs
[    0.144010] smpboot: Max logical packages: 1
[    0.144807] smpboot: Total of 2 processors activated (10380.50 BogoMIPS)
[    0.146120] devtmpfs: initialized
[    0.146120] x86/mm: Memory block size: 128MB
[    0.148210] evm: security.selinux
[    0.148842] evm: security.SMACK64
[    0.149636] evm: security.SMACK64EXEC
[    0.150274] evm: security.SMACK64TRANSMUTE
[    0.150943] evm: security.SMACK64MMAP
[    0.152005] evm: security.apparmor
[    0.152649] evm: security.ima
[    0.153205] evm: security.capability
[    0.153862] clocksource: jiffies: mask: 0xffffffff max_cycles: 0xffffffff, max_idle_ns: 7645041785100000 ns
[    0.153862] futex hash table entries: 512 (order: 3, 32768 bytes)
[    0.156083] pinctrl core: initialized pinctrl subsystem
[    0.157923] RTC time: 11:23:36, date: 12/09/22
[    0.159272] NET: Registered protocol family 16
[    0.160097] audit: initializing netlink subsys (disabled)
[    0.161046] audit: type=2000 audit(1670585021.623:1): state=initialized audit_enabled=0 res=1
[    0.161046] cpuidle: using governor ladder
[    0.164029] cpuidle: using governor menu
[    0.164956] ACPI: bus type PCI registered
[    0.164956] acpiphp: ACPI Hot Plug PCI Controller Driver version: 0.5
[    0.166170] PCI: Using configuration type 1 for base access
[    0.168004] PCI: Using configuration type 1 for extended access
[    0.169183] HugeTLB registered 2.00 MiB page size, pre-allocated 0 pages
[    0.172085] ACPI: Added _OSI(Module Device)
[    0.172792] ACPI: Added _OSI(Processor Device)
[    0.173578] ACPI: Added _OSI(3.0 _SCP Extensions)
[    0.174423] ACPI: Added _OSI(Processor Aggregator Device)
[    0.175699] ACPI: Added _OSI(Linux-Dell-Video)
[    0.176006] ACPI: Added _OSI(Linux-Lenovo-NV-HDMI-Audio)
[    0.176954] ACPI: Added _OSI(Linux-HPI-Hybrid-Graphics)
[    0.178213] ACPI: Executed 1 blocks of module-level executable AML code
[    0.183765] ACPI: Interpreter enabled
[    0.184000] ACPI: (supports S0 S5)
[    0.184011] ACPI: Using IOAPIC for interrupt routing
[    0.185547] PCI: Using host bridge windows from ACPI; if necessary, use "pci=nocrs" and report a bug
[    0.188230] ACPI: Enabled 2 GPEs in block 00 to 07
[    0.196297] ACPI: PCI Root Bridge [PCI0] (domain 0000 [bus 00-ff])
[    0.197412] acpi PNP0A03:00: _OSC: OS supports [ExtendedConfig ASPM ClockPM Segments MSI]
[    0.200356] acpi PNP0A03:00: _OSC: platform does not support [PCIeCapability]
[    0.202072] acpi PNP0A03:00: _OSC: not requesting control; platform does not support [PCIeCapability]
[    0.204000] acpi PNP0A03:00: _OSC: OS requested [PCIeHotplug PME AER PCIeCapability]
[    0.204007] acpi PNP0A03:00: _OSC: platform willing to grant [PCIeHotplug PME AER]
[    0.205333] acpi PNP0A03:00: _OSC failed (AE_SUPPORT); disabling ASPM
[    0.208505] PCI host bridge to bus 0000:00
[    0.209248] pci_bus 0000:00: root bus resource [io  0x0000-0x0cf7 window]
[    0.210415] pci_bus 0000:00: root bus resource [io  0x0d00-0xffff window]
[    0.212007] pci_bus 0000:00: root bus resource [mem 0x000a0000-0x000bffff window]
[    0.213325] pci_bus 0000:00: root bus resource [mem 0x40000000-0xfdffffff window]
[    0.214792] pci_bus 0000:00: root bus resource [bus 00-ff]
[    0.217950] pci 0000:00:01.1: legacy IDE quirk: reg 0x10: [io  0x01f0-0x01f7]
[    0.220006] pci 0000:00:01.1: legacy IDE quirk: reg 0x14: [io  0x03f6]
[    0.221116] pci 0000:00:01.1: legacy IDE quirk: reg 0x18: [io  0x0170-0x0177]
[    0.222372] pci 0000:00:01.1: legacy IDE quirk: reg 0x1c: [io  0x0376]
[    0.253273] pci 0000:00:07.0: quirk: [io  0x4000-0x403f] claimed by PIIX4 ACPI
[    0.255242] pci 0000:00:07.0: quirk: [io  0x4100-0x410f] claimed by PIIX4 SMB
[    0.267018] ACPI: PCI Interrupt Link [LNKA] (IRQs 5 9 10 *11)
[    0.268270] ACPI: PCI Interrupt Link [LNKB] (IRQs 5 9 *10 11)
[    0.269284] ACPI: PCI Interrupt Link [LNKC] (IRQs 5 *9 10 11)
[    0.270311] ACPI: PCI Interrupt Link [LNKD] (IRQs 5 9 10 *11)
[    0.271635] SCSI subsystem initialized
[    0.272053] pci 0000:00:02.0: vgaarb: setting as boot VGA device
[    0.272989] pci 0000:00:02.0: vgaarb: VGA device added: decodes=io+mem,owns=io+mem,locks=none
[    0.274294] pci 0000:00:02.0: vgaarb: bridge control possible
[    0.275200] vgaarb: loaded
[    0.275690] ACPI: bus type USB registered
[    0.276022] usbcore: registered new interface driver usbfs
[    0.276881] usbcore: registered new interface driver hub
[    0.277710] usbcore: registered new device driver usb
[    0.278544] EDAC MC: Ver: 3.0.0
[    0.280042] PCI: Using ACPI for IRQ routing
[    0.280967] NetLabel: Initializing
[    0.281534] NetLabel:  domain hash size = 128
[    0.282229] NetLabel:  protocols = UNLABELED CIPSOv4 CALIPSO
[    0.282229] NetLabel:  unlabeled traffic allowed by default
[    0.284078] clocksource: Switched to clocksource kvm-clock
[    0.299131] VFS: Disk quotas dquot_6.6.0
[    0.300062] VFS: Dquot-cache hash table entries: 512 (order 0, 4096 bytes)
[    0.301450] AppArmor: AppArmor Filesystem Enabled
[    0.302409] pnp: PnP ACPI init
[    0.304448] pnp: PnP ACPI: found 3 devices
[    0.313121] clocksource: acpi_pm: mask: 0xffffff max_cycles: 0xffffff, max_idle_ns: 2085701024 ns
[    0.314390] NET: Registered protocol family 2
[    0.315230] IP idents hash table entries: 16384 (order: 5, 131072 bytes)
[    0.317631] TCP established hash table entries: 8192 (order: 4, 65536 bytes)
[    0.318874] TCP bind hash table entries: 8192 (order: 5, 131072 bytes)
[    0.320046] TCP: Hash tables configured (established 8192 bind 8192)
[    0.321094] UDP hash table entries: 512 (order: 2, 16384 bytes)
[    0.322064] UDP-Lite hash table entries: 512 (order: 2, 16384 bytes)
[    0.323105] NET: Registered protocol family 1
[    0.323809] pci 0000:00:00.0: Limiting direct PCI/PCI transfers
[    0.324776] pci 0000:00:01.0: Activating ISA DMA hang workarounds
[    0.325688] pci 0000:00:02.0: Video device with shadowed ROM at [mem 0x000c0000-0x000dffff]
[    0.326930] Unpacking initramfs...
[    0.636605] Freeing initrd memory: 20392K
[    0.637763] clocksource: tsc: mask: 0xffffffffffffffff max_cycles: 0x25683fab3f3, max_idle_ns: 440795264242 ns
[    0.639907] platform rtc_cmos: registered platform RTC device (no PNP device found)
[    0.641678] Scanning for low memory corruption every 60 seconds
[    0.643784] Initialise system trusted keyrings
[    0.644886] Key type blacklist registered
[    0.645835] workingset: timestamp_bits=36 max_order=18 bucket_order=0
[    0.647973] zbud: loaded
[    0.649106] squashfs: version 4.0 (2009/01/31) Phillip Lougher
[    0.650254] fuse init (API version 7.26)
[    0.653398] Key type asymmetric registered
[    0.654101] Asymmetric key parser 'x509' registered
[    0.655029] Block layer SCSI generic (bsg) driver version 0.4 loaded (major 246)
[    0.656224] io scheduler noop registered
[    0.656804] io scheduler deadline registered
[    0.657427] io scheduler cfq registered (default)
[    0.658354] ACPI: AC Adapter [AC] (on-line)
[    0.659196] input: Power Button as /devices/LNXSYSTM:00/LNXPWRBN:00/input/input0
[    0.660538] ACPI: Power Button [PWRF]
[    0.661380] input: Sleep Button as /devices/LNXSYSTM:00/LNXSLPBN:00/input/input1
[    0.662691] ACPI: Sleep Button [SLPF]
[    0.663719] Serial: 8250/16550 driver, 32 ports, IRQ sharing enabled
[    0.685159] 00:02: ttyS0 at I/O 0x3f8 (irq = 4, base_baud = 115200) is a 16550A
[    0.688756] Linux agpgart interface v0.103
[    0.690939] loop: module loaded
[    0.692084] scsi host0: ata_piix
[    0.692983] scsi host1: ata_piix
[    0.693546] ata1: PATA max UDMA/33 cmd 0x1f0 ctl 0x3f6 bmdma 0xd000 irq 14
[    0.694551] ata2: PATA max UDMA/33 cmd 0x170 ctl 0x376 bmdma 0xd008 irq 15
[    0.695605] tun: Universal TUN/TAP device driver, 1.6
[    0.696542] PPP generic driver version 2.4.2
[    0.697546] ehci_hcd: USB 2.0 'Enhanced' Host Controller (EHCI) Driver
[    0.698826] ehci-pci: EHCI PCI platform driver
[    0.699759] ehci-platform: EHCI generic platform driver
[    0.700812] ohci_hcd: USB 1.1 'Open' Host Controller (OHCI) Driver
[    0.701851] ohci-pci: OHCI PCI platform driver
[    0.702647] ohci-platform: OHCI generic platform driver
[    0.703550] uhci_hcd: USB Universal Host Controller Interface driver
[    0.704739] i8042: PNP: PS/2 Controller [PNP0303:PS2K,PNP0f03:PS2M] at 0x60,0x64 irq 1,12
[    0.706389] serio: i8042 KBD port at 0x60,0x64 irq 1
[    0.707237] serio: i8042 AUX port at 0x60,0x64 irq 12
[    0.708160] mousedev: PS/2 mouse device common for all mice
[    0.709348] input: AT Translated Set 2 keyboard as /devices/platform/i8042/serio0/input/input2
[    0.710998] rtc_cmos rtc_cmos: rtc core: registered rtc_cmos as rtc0
[    0.712003] rtc_cmos rtc_cmos: alarms up to one day, 114 bytes nvram
[    0.713002] i2c /dev entries driver
[    0.713606] device-mapper: uevent: version 1.0.3
[    0.714399] device-mapper: ioctl: 4.37.0-ioctl (2017-09-20) initialised: dm-devel@redhat.com
[    0.715586] ledtrig-cpu: registered to indicate activity on CPUs
[    0.716846] NET: Registered protocol family 10
[    0.721233] Segment Routing with IPv6
[    0.721906] NET: Registered protocol family 17
[    0.722669] Key type dns_resolver registered
[    0.723557] mce: Using 0 MCE banks
[    0.724143] RAS: Correctable Errors collector initialized.
[    0.724955] sched_clock: Marking stable (724123515, 0)->(896539735, -172416220)
[    0.726377] registered taskstats version 1
[    0.727005] Loading compiled-in X.509 certificates
[    0.729754] Loaded X.509 cert 'Build time autogenerated kernel key: 29e5beaa583364da097e68c9386761f80dbce7ef'
[    0.731696] Loaded X.509 cert 'Canonical Ltd. Live Patch Signing: 14df34d1a87cf37625abec039ef2bf521249b969'
[    0.733611] Loaded X.509 cert 'Canonical Ltd. Kernel Module Signing: 88f752e560a1e0737e31163a466ad7b70a850c19'
[    0.735051] blacklist: Loading compiled-in revocation X.509 certificates
[    0.736016] Loaded X.509 cert 'Canonical Ltd. Secure Boot Signing: 61482aa2830d0ab2ad5af10b7250da9033ddcef0'
[    0.737531] zswap: loaded using pool lzo/zbud
[    0.740799] Key type big_key registered
[    0.741365] Key type trusted registered
[    0.743167] Key type encrypted registered
[    0.743777] AppArmor: AppArmor sha1 policy hashing enabled
[    0.744592] ima: No TPM chip found, activating TPM-bypass! (rc=-19)
[    0.745575] ima: Allocated hash algorithm: sha1
[    0.746227] evm: HMAC attrs: 0x1
[    0.746991]   Magic number: 2:701:377
[    0.747559] acpi PNP0700:00: hash matches
[    0.748266] rtc_cmos rtc_cmos: setting system clock to 2022-12-09 11:23:37 UTC (1670585017)
[    0.749532] BIOS EDD facility v0.16 2004-Jun-25, 0 devices found
[    0.750361] EDD information not available.
[    1.174030] Freeing unused kernel image memory: 2472K
[    1.188210] Write protecting the kernel read-only data: 20480k
[    1.190257] Freeing unused kernel image memory: 2008K
[    1.191671] Freeing unused kernel image memory: 1824K
[    1.199960] x86/mm: Checked W+X mappings: passed, no W+X pages found.
Loading, please wait...
starting version 237
[    1.266986] e1000: Intel(R) PRO/1000 Network Driver - version 7.3.21-k8-NAPI
[    1.268309] e1000: Copyright (c) 1999-2006 Intel Corporation.
[    1.271704] Fusion MPT base driver 3.04.20
[    1.272806] Copyright (c) 1999-2008 LSI Corporation
[    1.281908] Fusion MPT SPI Host driver 3.04.20
[    1.299655] AVX2 version of gcm_enc/dec engaged.
[    1.300953] AES CTR mode by8 optimization enabled
[    1.483293] input: ImExPS/2 Generic Explorer Mouse as /devices/platform/i8042/serio1/input/input4
[    1.674700] e1000 0000:00:03.0 eth0: (PCI:33MHz:32-bit) 02:a6:12:9f:2a:1a
[    1.676424] e1000 0000:00:03.0 eth0: Intel(R) PRO/1000 Network Connection
[    1.679593] mptbase: ioc0: Initiating bringup
[    1.680989] e1000 0000:00:03.0 enp0s3: renamed from eth0
[    2.600717] ioc0: LSI53C1030 A0: Capabilities={Initiator}
[    2.845021] scsi host2: ioc0: LSI53C1030 A0, FwRev=00000000h, Ports=1, MaxQ=256, IRQ=20
[    3.013241] scsi 2:0:0:0: Direct-Access     VBOX     HARDDISK         1.0  PQ: 0 ANSI: 5
[    3.048490] scsi target2:0:0: Beginning Domain Validation
[    3.052048] scsi target2:0:0: Domain Validation skipping write tests
[    3.054343] scsi target2:0:0: Ending Domain Validation
[    3.056333] scsi target2:0:0: asynchronous
[    3.058765] scsi 2:0:1:0: Direct-Access     VBOX     HARDDISK         1.0  PQ: 0 ANSI: 5
[    3.092075] scsi target2:0:1: Beginning Domain Validation
[    3.094407] scsi target2:0:1: Domain Validation skipping write tests
[    3.095657] scsi target2:0:1: Ending Domain Validation
[    3.096678] scsi target2:0:1: asynchronous
[    3.102744] sd 2:0:0:0: Attached scsi generic sg0 type 0
[    3.103052] sd 2:0:0:0: [sda] 83886080 512-byte logical blocks: (42.9 GB/40.0 GiB)
[    3.103956] sd 2:0:1:0: Attached scsi generic sg1 type 0
[    3.105998] sd 2:0:1:0: [sdb] 20480 512-byte logical blocks: (10.5 MB/10.0 MiB)
[    3.108243] sd 2:0:1:0: [sdb] Write Protect is off
[    3.108718] sd 2:0:0:0: [sda] Write Protect is off
[    3.110099] sd 2:0:0:0: [sda] Incomplete mode parameter data
[    3.110103] sd 2:0:1:0: [sdb] Incomplete mode parameter data
[    3.111049] sd 2:0:0:0: [sda] Assuming drive cache: write through
[    3.112021] sd 2:0:1:0: [sdb] Assuming drive cache: write through
[    3.115512]  sda: sda1
[    3.116594] sd 2:0:0:0: [sda] Attached SCSI disk
[    3.117612] sd 2:0:1:0: [sdb] Attached SCSI disk
Begin: Loading essential drivers ... [    4.596900] raid6: sse2x1   gen()  6951 MB/s
[    4.644998] raid6: sse2x1   xor()  6110 MB/s
[    4.692167] raid6: sse2x2   gen() 12916 MB/s
[    4.740225] raid6: sse2x2   xor()  7187 MB/s
[    4.788393] raid6: sse2x4   gen() 11096 MB/s
[    4.836167] raid6: sse2x4   xor()  5845 MB/s
[    4.884109] raid6: avx2x1   gen()  8188 MB/s
[    4.932349] raid6: avx2x1   xor()  6364 MB/s
[    4.980356] raid6: avx2x2   gen()  8026 MB/s
[    5.028553] raid6: avx2x2   xor()  8334 MB/s
[    5.076511] raid6: avx2x4   gen() 14948 MB/s
[    5.124184] raid6: avx2x4   xor()  7911 MB/s
[    5.124965] raid6: using algorithm avx2x4 gen() 14948 MB/s
[    5.125893] raid6: .... xor() 7911 MB/s, rmw enabled
[    5.126752] raid6: using avx2x2 recovery algorithm
[    5.129251] xor: automatically using best checksumming function   avx       
[    5.131471] async_tx: api initialized (async)
done.
Begin: Running /scripts/init-premount ... done.
Begin: Mounting root file system ... Begin: Running /scripts/local-top ... done.
Begin: Running /scripts/local-premount ... [    5.176282] Btrfs loaded, crc32c=crc32c-intel
Scanning for Btrfs filesystems
done.
Begin: Will now check root file system ... fsck from util-linux 2.31.1
[/sbin/fsck.ext4 (1) -- /dev/sda1] fsck.ext4 -a -C0 /dev/sda1 
cloudimg-rootfs: recovering journal
cloudimg-rootfs: Clearing orphaned inode 2225 (uid=0, gid=0, mode=0100644, size=202880)
cloudimg-rootfs: clean, 107451/5120000 files, 760316/10485499 blocks
done.
[    5.309750] EXT4-fs (sda1): mounted filesystem with ordered data mode. Opts: (null)
done.
Begin: Running /scripts/local-bottom ... done.
Begin: Running /scripts/init-bottom ... done.
[    5.467149] ip_tables: (C) 2000-2006 Netfilter Core Team
[    5.480555] systemd[1]: systemd 237 running in system mode. (+PAM +AUDIT +SELINUX +IMA +APPARMOR +SMACK +SYSVINIT +UTMP +LIBCRYPTSETUP +GCRYPT +GNUTLS +ACL +XZ +LZ4 +SECCOMP +BLKID +ELFUTILS +KMOD -IDN2 +IDN -PCRE2 default-hierarchy=hybrid)
[    5.484424] systemd[1]: Detected virtualization oracle.
[    5.485382] systemd[1]: Detected architecture x86-64.

Welcome to [1mUbuntu 18.04.6 LTS[0m!

[    5.550073] systemd[1]: Set hostname to <ubuntu-bionic>.
[    5.778147] systemd[1]: Created slice User and Session Slice.
[[0;32m  OK  [0m] Created slice User and Session Slice.
[    5.779744] systemd[1]: Reached target Swap.
[[0;32m  OK  [0m] Reached target Swap.
[    5.780950] systemd[1]: Started Forward Password Requests to Wall Directory Watch.
[[0;32m  OK  [0m] Started Forward Password Requests to Wall Directory Watch.
[    5.782815] systemd[1]: Reached target User and Group Name Lookups.
[[0;32m  OK  [0m] Reached target User and Group Name Lookups.
[    5.784460] systemd[1]: Reached target System Time Synchronized.
[[0;32m  OK  [0m] Reached target System Time Synchronized.
[    5.786167] systemd[1]: Set up automount Arbitrary Executable File Formats File System Automount Point.
[[0;32m  OK  [0m] Set up automount Arbitrary Executabâ€¦rmats File System Automount Point.
[[0;32m  OK  [0m] Created slice System Slice.
[[0;32m  OK  [0m] Listening on Syslog Socket.
[[0;32m  OK  [0m] Listening on LVM2 poll daemon socket.
[[0;32m  OK  [0m] Reached target Slices.
[[0;32m  OK  [0m] Listening on udev Control Socket.
[[0;32m  OK  [0m] Listening on fsck to fsckd communication Socket.
[[0;32m  OK  [0m] Created slice system-serial\x2dgetty.slice.
[[0;32m  OK  [0m] Listening on Journal Socket.
         Starting Load Kernel Modules...
         Starting Create list of required stâ€¦ce nodes for the current kernel...
         Mounting POSIX Message Queue File System...
         Starting Uncomplicated firewall...
         Starting Set the console keyboard layout...
         Starting Remount Root and Kernel File Systems...
[[0;32m  OK  [0m] Listening on Device-mapper event daemon FIFOs.
[[0;32m  OK  [0m] Listening on LVM2 metadata daemon socket.
[[0;32m  OK  [0m] Listening on udev Kernel Socket.
         Mounting Kernel Debug File System...
[    5.815633] Loading iSCSI transport class v2.0-870.
         Starting Monitoring of LVM2 mirrorsâ€¦ng dmeventd or progress polling...
[[0;32m  OK  [0m] Listening on Journal Audit Socket.
[[0;32m  OK  [0m] Listening on Journal Socket (/dev/log).
         Starting Journal Service...
         Starting udev Coldplug all Devices...
[[0;32m  OK  [0m] Listening on /dev/initctl Compatibility Named Pipe.
[[0;32m  OK  [0m] Listening on Network Service Netlink Socket.
         Mounting Huge Pages File System...
[[0;32m  OK  [0m] Started Create list of required staâ€¦vice nodes for the current kernel.
[[0;32m  OK  [0m] Started Uncomplicated firewall.
         Starting Create Static Device Nodes in /dev...
[    5.874674] iscsi: registered transport (tcp)
[[0;32m  OK  [0m] Mounted POSIX Message Queue File System.
[[0;32m  OK  [0m] Mounted Kernel Debug File System.
[[0;32m  OK  [0m] Mounted Huge Pages File System.
[[0;32m  OK  [0m] Started udev Coldplug all Devices.
[[0;32m  OK  [0m] Started LVM2 metadata daemon.
[[0;32m  OK  [0m] Started Journal Service.
[    5.948099] EXT4-fs (sda1): re-mounted. Opts: (null)
[[0;32m  OK  [0m] Started Create Static Device Nodes in /dev.
[[0;32m  OK  [0m] Started Remount Root and Kernel File Systems.
         Starting Flush Journal to Persistent Storage...
         Starting Load/Save Random Seed...
[    5.974343] iscsi: registered transport (iser)
         Starting udev Kernel Device Manager...
[[0;32m  OK  [0m] Started Load Kernel Modules.
[[0;32m  OK  [0m] Started Monitoring of LVM2 mirrors,â€¦sing dmeventd or progress polling.
[[0;32m  OK  [0m] Started Load/Save Random Seed.
         Mounting FUSE Control File System...
         Mounting Kernel Configuration File System...
         Starting Apply Kernel Variables...
[[0;32m  OK  [0m] Mounted FUSE Control File System.
[    6.035466] systemd-journald[417]: Received request to flush runtime journal from PID 1
[[0;32m  OK  [0m] Mounted Kernel Configuration File System.
[[0;32m  OK  [0m] Started udev Kernel Device Manager.
[[0;32m  OK  [0m] Started Apply Kernel Variables.
[[0;32m  OK  [0m] Started Flush Journal to Persistent Storage.
[[0;32m  OK  [0m] Started Set the console keyboard layout.
[[0;32m  OK  [0m] Started Dispatch Password Requests to Console Directory Watch.
[[0;32m  OK  [0m] Reached target Local Encrypted Volumes.
[[0;32m  OK  [0m] Reached target Local File Systems (Pre).
[[0;32m  OK  [0m] Reached target Local File Systems.
         Starting Set console font and keymap...
         Starting AppArmor initialization...
         Starting Create Volatile Files and Directories...
         Starting Tell Plymouth To Write Out Runtime Data...
         Starting ebtables ruleset management...
[[0;32m  OK  [0m] Started Set console font and keymap.
[[0;32m  OK  [0m] Started Tell Plymouth To Write Out Runtime Data.
[[0;32m  OK  [0m] Started Create Volatile Files and Directories.
         Starting Update UTMP about System Boot/Shutdown...
[[0;32m  OK  [0m] Started Update UTMP about System Boot/Shutdown.
[[0;32m  OK  [0m] Started ebtables ruleset management.
[[0;32m  OK  [0m] Found device /dev/ttyS0.
[[0;32m  OK  [0m] Listening on Load/Save RF Kill Switch Status /dev/rfkill Watch.
[[0;32m  OK  [0m] Started AppArmor initialization.
         Starting Initial cloud-init job (pre-networking)...
         Starting Load AppArmor profiles managed internally by snapd...
         Mounting Arbitrary Executable File Formats File System...
[[0;32m  OK  [0m] Mounted Arbitrary Executable File Formats File System.
[[0;32m  OK  [0m] Started Load AppArmor profiles managed internally by snapd.
[    8.171104] cloud-init[568]: Cloud-init v. 22.3.4-0ubuntu1~18.04.1 running 'init-local' at Fri, 09 Dec 2022 11:23:44 +0000. Up 7.97 seconds.
[[0;32m  OK  [0m] Started Initial cloud-init job (pre-networking).
[[0;32m  OK  [0m] Reached target Network (Pre).
         Starting Network Service...
[[0;32m  OK  [0m] Started Network Service.
         Starting Network Name Resolution...
         Starting Wait for Network to be Configured...
[[0;32m  OK  [0m] Started Network Name Resolution.
[[0;32m  OK  [0m] Reached target Host and Network Name Lookups.
[[0;32m  OK  [0m] Reached target Network.
[[0;32m  OK  [0m] Started Wait for Network to be Configured.
         Starting Initial cloud-init job (metadata service crawler)...
[   10.835252] cloud-init[673]: Cloud-init v. 22.3.4-0ubuntu1~18.04.1 running 'init' at Fri, 09 Dec 2022 11:23:47 +0000. Up 10.68 seconds.
[   10.838398] cloud-init[673]: ci-info: ++++++++++++++++++++++++++++++++++++++Net device info++++++++++++++++++++++++++++++++++++++
[   10.840625] cloud-init[673]: ci-info: +--------+------+----------------------------+---------------+--------+-------------------+
[   10.842928] cloud-init[673]: ci-info: | Device |  Up  |          Address           |      Mask     | Scope  |     Hw-Address    |
[   10.844927] cloud-init[673]: ci-info: +--------+------+----------------------------+---------------+--------+-------------------+
[   10.846735] cloud-init[673]: ci-info: | enp0s3 | True |         10.0.2.15          | 255.255.255.0 | global | 02:a6:12:9f:2a:1a |
[   10.848567] cloud-init[673]: ci-info: | enp0s3 | True | fe80::a6:12ff:fe9f:2a1a/64 |       .       |  link  | 02:a6:12:9f:2a:1a |
[   10.850581] cloud-init[673]: ci-info: |   lo   | True |         127.0.0.1          |   255.0.0.0   |  host  |         .         |
[   10.853194] cloud-init[673]: ci-info: |   lo   | True |          ::1/128           |       .       |  host  |         .         |
[   10.854843] cloud-init[673]: ci-info: +--------+------+----------------------------+---------------+--------+-------------------+
[   10.856515] cloud-init[673]: ci-info: ++++++++++++++++++++++++++++Route IPv4 info+++++++++++++++++++++++++++++
[   10.857720] cloud-init[673]: ci-info: +-------+-------------+----------+-----------------+-----------+-------+
[   10.859001] cloud-init[673]: ci-info: | Route | Destination | Gateway  |     Genmask     | Interface | Flags |
[   10.860441] cloud-init[673]: ci-info: +-------+-------------+----------+-----------------+-----------+-------+
[   10.861641] cloud-init[673]: ci-info: |   0   |   0.0.0.0   | 10.0.2.2 |     0.0.0.0     |   enp0s3  |   UG  |
[   10.862853] cloud-init[673]: ci-info: |   1   |   10.0.2.0  | 0.0.0.0  |  255.255.255.0  |   enp0s3  |   U   |
[   10.863926] cloud-init[673]: ci-info: |   2   |   10.0.2.2  | 0.0.0.0  | 255.255.255.255 |   enp0s3  |   UH  |
[   10.865318] cloud-init[673]: ci-info: +-------+-------------+----------+-----------------+-----------+-------+
[   10.866777] cloud-init[673]: ci-info: +++++++++++++++++++Route IPv6 info+++++++++++++++++++
[   10.868031] cloud-init[673]: ci-info: +-------+-------------+---------+-----------+-------+
[   10.870118] cloud-init[673]: ci-info: | Route | Destination | Gateway | Interface | Flags |
[   10.871297] cloud-init[673]: ci-info: +-------+-------------+---------+-----------+-------+
[   10.873103] cloud-init[673]: ci-info: |   1   |  fe80::/64  |    ::   |   enp0s3  |   U   |
[   10.874438] cloud-init[673]: ci-info: |   3   |    local    |    ::   |   enp0s3  |   U   |
[   10.875539] cloud-init[673]: ci-info: |   4   |   ff00::/8  |    ::   |   enp0s3  |   U   |
[   10.876721] cloud-init[673]: ci-info: +-------+-------------+---------+-----------+-------+
[[0;32m  OK  [0m] Started Initial cloud-init job (metadata service crawler).
[[0;32m  OK  [0m] Reached target Network is Online.
[[0;32m  OK  [0m] Reached target Remote File Systems (Pre).
         Starting Availability of block devices...
         Mounting /vagrant...
[[0;32m  OK  [0m] Reached target System Initialization.
[[0;32m  OK  [0m] Listening on D-Bus System Message Bus Socket.
         Starting LXD - unix socket.
[[0;32m  OK  [0m] Started Daily Cleanup of Temporary Directories.
[[0;32m  OK  [0m] Started Message of the Day.
[[0;32m  OK  [0m] Started Ubuntu Advantage Timer for running repeated jobs.
[[0;32m  OK  [0m] Listening on ACPID Listen Socket.
[[0;32m  OK  [0m] Listening on UUID daemon activation socket.
[[0;32m  OK  [0m] Started Daily apt upgrade and clean activities.
[[0;32m  OK  [0m] Listening on Open-iSCSI iscsid Socket.
         Starting Socket activation for snappy daemon.
[[0;32m  OK  [0m] Listening on cloud-init hotplug hook socket.
[[0;32m  OK  [0m] Started Discard unused blocks once a week.
[[0;32m  OK  [0m] Reached target Timers.
[[0;32m  OK  [0m] Started ACPI Events Check.
[[0;32m  OK  [0m] Reached target Paths.
[[0;32m  OK  [0m] Reached target Cloud-config availability.
[[0;32m  OK  [0m] Started Availability of block devices.
[[0;32m  OK  [0m] Mounted /vagrant.
[[0;32m  OK  [0m] Listening on LXD - unix socket.
[[0;32m  OK  [0m] Listening on Socket activation for snappy daemon.
[[0;32m  OK  [0m] Reached target Sockets.
[[0;32m  OK  [0m] Reached target Basic System.
         Starting Accounts Service...
         Starting Virtualbox guest utils...
[[0;32m  OK  [0m] Started FUSE filesystem for LXC.
         Starting OpenBSD Secure Shell server...
         Starting Login Service...
         Starting Dispatcher daemon for systemd-networkd...
[[0;32m  OK  [0m] Started D-Bus System Message Bus.
         Starting LSB: Record successful boot for GRUB...
[[0;32m  OK  [0m] Started Regular background program processing daemon.
[[0;32m  OK  [0m] Started Deferred execution scheduler.
[[0;32m  OK  [0m] Reached target Login Prompts (Pre).
         Starting Snap Daemon...
[[0;32m  OK  [0m] Started irqbalance daemon.
         Starting System Logging Service...
         Starting LXD - container startup/shutdown...
[[0;32m  OK  [0m] Reached target Remote File Systems.
         Starting LSB: automatic crash report generation...
         Starting Permit User Sessions...
[[0;32m  OK  [0m] Started Login Service.
[[0;32m  OK  [0m] Started OpenBSD Secure Shell server.
[[0;32m  OK  [0m] Started System Logging Service.
[[0;32m  OK  [0m] Started Permit User Sessions.
         Starting Terminate Plymouth Boot Screen...
         Starting Hold until boot process finishes up...
         Starting Authorization Manager...
[[0;32m  OK  [0m] Started Unattended Upgrades Shutdown.
[[0;32m  OK  [0m] Started Hold until boot process finishes up.
         Starting Set console scheme...
[[0;32m  OK  [0m] Started Serial Getty on ttyS0.
[[0;32m  OK  [0m] Started Terminate Plymouth Boot Screen.
[[0;32m  OK  [0m] Started Set console scheme.
[[0;32m  OK  [0m] Created slice system-getty.slice.
[[0;32m  OK  [0m] Started Getty on tty1.
[[0;32m  OK  [0m] Reached target Login Prompts.
[[0;32m  OK  [0m] Started Dispatcher daemon for systemd-networkd.
[[0;32m  OK  [0m] Started LSB: Record successful boot for GRUB.
[[0;32m  OK  [0m] Started LSB: automatic crash report generation.
[[0;32m  OK  [0m] Started Authorization Manager.
[[0;32m  OK  [0m] Started Accounts Service.
[[0;32m  OK  [0m] Started Virtualbox guest utils.
[[0;32m  OK  [0m] Started LXD - container startup/shutdown.
[[0;32m  OK  [0m] Started Snap Daemon.
         Starting Wait until snapd is fully seeded...
         Starting Time & Date Service...
[[0;32m  OK  [0m] Started Time & Date Service.
[[0;32m  OK  [0m] Started Wait until snapd is fully seeded.
         Starting Apply the settings specified in cloud-config...
[   13.081416] cloud-init[1093]: Cloud-init v. 22.3.4-0ubuntu1~18.04.1 running 'modules:config' at Fri, 09 Dec 2022 11:23:49 +0000. Up 12.84 seconds.
[[0;32m  OK  [0m] Started Apply the settings specified in cloud-config.
[[0;32m  OK  [0m] Reached target Multi-User System.
[[0;32m  OK  [0m] Reached target Graphical Interface.
         Starting Update UTMP about System Runlevel Changes...
         Starting Execute cloud user/final scripts...
[[0;32m  OK  [0m] Started Update UTMP about System Runlevel Changes.
[[0;32m  OK  [0m] Created slice User Slice of vagrant.
         Starting User Manager for UID 1000...
[[0;32m  OK  [0m] Started Session 1 of user vagrant.
[[0;32m  OK  [0m] Started User Manager for UID 1000.
[   14.174590] cloud-init[1125]: Cloud-init v. 22.3.4-0ubuntu1~18.04.1 running 'modules:final' at Fri, 09 Dec 2022 11:23:50 +0000. Up 13.98 seconds.
[   14.176677] cloud-init[1125]: Cloud-init v. 22.3.4-0ubuntu1~18.04.1 finished at Fri, 09 Dec 2022 11:23:50 +0000. Datasource DataSourceNoCloud [seed=/dev/sdb][dsmode=net].  Up 14.16 seconds
[[0;32m  OK  [0m] Started Execute cloud user/final scripts.
[[0;32m  OK  [0m] Reached target Cloud-init target.

Ubuntu 18.04.6 LTS ubuntu-bionic ttyS0

ubuntu-bionic login: 